// Jest Snapshot v1, https://goo.gl/fbAQLP

exports[`<CustomerList /> spec renders the component 1`] = `undefined`;
