// Jest Snapshot v1, https://goo.gl/fbAQLP

exports[`<RewardSection /> spec renders the component 1`] = `undefined`;
