// Jest Snapshot v1, https://goo.gl/fbAQLP

exports[`<SearchBar /> spec renders the component 1`] = `undefined`;
