// Jest Snapshot v1, https://goo.gl/fbAQLP

exports[`<SearchPage /> spec renders the component 1`] = `undefined`;
